components/MotionBackground.tsx(6,23): error TS2307: Cannot find module '../FON.png' or its corresponding type declarations.
services/supabaseClient.ts(3,33): error TS2339: Property 'env' does not exist on type 'ImportMeta'.
services/supabaseClient.ts(4,37): error TS2339: Property 'env' does not exist on type 'ImportMeta'.
